2026-08-19T18:42:15Z
== native pin digest deliberately malformed; no explicit --profile, no persisted choice, IOLBOX_TEST_PREFER_NATIVE=1 (would prefer native) but native preflight must now fail -> auto must fall back to the ACTUAL working rosetta-amd64 VM gracefully, not error ==
iolbox-launcher: requested profile "auto" fell back to "rosetta-amd64" (auto-fallback-rosetta): digests: native-arm64 pin file /Users/rohansharma/iolbox-p4-build/src/packaging/macos/lima/pinned-image-native-arm64.env is invalid: invalid algorithm-qualified image digest in /Users/rohansharma/iolbox-p4-build/src/packaging/macos/lima/pinned-image-native-arm64.env
profile=debian13 role=DEFAULT guest=Debian 13 trixie qualification=UNMEASURED — CANARY REQUIRED
iolbox status
  GUI port: 127.0.0.1:4002
  console ports: 127.0.0.1:9000-9049
  capture ports: 127.0.0.1:5500-5529
  guest control port: not forwarded (127.0.0.1:4000 host check)
sync images: /Users/rohansharma/Library/Application Support/iolbox/images
sync labs: /Users/rohansharma/Library/Application Support/iolbox/labs
  profile: debian13
  role: DEFAULT
  guest: Debian 13 trixie
  kernel pin: 6.12.101+deb13-cloud-arm64
  macOS: 26.6.2 (25G83)
  host_arch: arm64
  qualification: UNMEASURED — CANARY REQUIRED
  lima: 2.2.0 (/opt/homebrew/bin/limactl)
  machine: iolbox-debian13
  state: Running
  last canary:
    result=pass
    exit=0
    host_macos=26.6.2 (25G83)
    host_lima=2.2.0
    recorded_utc=2026-08-19T18:40:11Z
requested_profile=auto
selected_profile=rosetta-amd64
profile_source=auto-fallback-rosetta
fallback_reason=digests: native-arm64 pin file /Users/rohansharma/iolbox-p4-build/src/packaging/macos/lima/pinned-image-native-arm64.env is invalid: invalid algorithm-qualified image digest in /Users/rohansharma/iolbox-p4-build/src/packaging/macos/lima/pinned-image-native-arm64.env
backend=lima-vz
translator=rosetta
guest_arch=aarch64
supervisor_arch=x86_64
execution=rosetta-amd64
guest_kernel=6.12.101+deb13-cloud-arm64
canary_verdict=PASS (live record 2026-08-19T18:41:48Z)
service=PASS (active)
http=PASS (HTTP 200)
hello=supervisor=v0.5.2-22-g0f6f5d5-dirty runtime=debian-slim-12 arch=x86_64 features=[nvram capture natgw] egress=routed
capability_policy=PASS (drop-in and hello agree)
rosetta_binfmt=enabled\ninterpreter /mnt/lima-rosetta/rosetta\nflags: OCF\noffset 0\nmagic 7f454c4602010100000000000000000002003e00\nmask fffffffffffefe00fffffffffffffffffeffffff
rosetta_present=true
structural_attestation=last attested canary_verdict=PASS
effective_drop_in=[Service]\n# Structural macOS/Lima gate: every boot, restart, crash-restart, and manual start runs the executable canary first.\nEnvironment=IOLBOX_DISABLE_I386=1\nExecStartPre=/opt/iolbox-provision/30-canary.sh --quiet
  guest kernel: 6.12.101+deb13-cloud-arm64
  guest arch: aarch64
  Rosetta binfmt: enabled
interpreter /mnt/lima-rosetta/rosetta
flags: OCF
offset 0
magic 7f454c4602010100000000000000000002003e00
mask fffffffffffefe00fffffffffffffffffeffffff
  supervisor service: active
  GET /: 200
EXIT=0
