2026-08-19T18:46:57Z
== forcibly SIGKILLing the iolbox-native-arm64 Lima hostagent process (simulates a crashed/forcibly-terminated VM manager) ==
== limactl list immediately after kill ==
NAME                   STATUS     SSH                VMTYPE    ARCH       CPUS    MEMORY    DISK     DIR
iolbox-debian13        Running    127.0.0.1:52048    vz        aarch64    4       4GiB      15GiB    ~/.lima-iolbox-p4/iolbox-debian13
iolbox-native-arm64    Stopped    127.0.0.1:52075    vz        aarch64    4       4GiB      15GiB    ~/.lima-iolbox-p4/iolbox-native-arm64
== recovery attempt: LIMA_HOME=~/.lima-iolbox-p4 ./iolbox-launcher start -profile native-arm64 ==
profile=native-arm64 role=NATIVE guest=Debian 13 trixie (native arm64) qualification=UNMEASURED — CANARY REQUIRED
[iolbox]   images folder: /Users/rohansharma/Library/Application Support/iolbox/images  (drop .bin/.iol IOL images here)
[iolbox]   labs folder:   /Users/rohansharma/Library/Application Support/iolbox/labs  (saved labs persist here as <id>.yml)
[iolbox] Darwin folder sync: rescued 0 guest lab(s) into /Users/rohansharma/Library/Application Support/iolbox/labs
[iolbox]   lab seed-2-routers.yml: synced in (id=seed-2-routers)
[iolbox]   lab seed-3-switches.yml: synced in (id=seed-3-switches)
[iolbox]   lab seed-4-switches.yml: synced in (id=seed-4-switches)
[iolbox]   lab seed-campus.yml: synced in (id=seed-campus)
[iolbox]   lab seed-ccna-capstone.yml: synced in (id=seed-ccna-capstone)
[iolbox]   lab seed-ccnp-core.yml: synced in (id=seed-ccnp-core)
[iolbox]   lab seed-router-triangle.yml: synced in (id=seed-router-triangle)
[iolbox] Darwin folder sync: imported 7 host lab(s) from /Users/rohansharma/Library/Application Support/iolbox/labs
[iolbox] Darwin folder sync: imported 0 host image(s) from /Users/rohansharma/Library/Application Support/iolbox/images
== iolbox-launcher status -profile native-arm64 (post forced-termination recovery) ==
profile=native-arm64 role=NATIVE guest=Debian 13 trixie (native arm64) qualification=UNMEASURED — CANARY REQUIRED
iolbox status
  GUI port: 127.0.0.1:4001
  console ports: 127.0.0.1:9000-9049
  capture ports: 127.0.0.1:5500-5529
  guest control port: not forwarded (127.0.0.1:4000 host check)
sync images: /Users/rohansharma/Library/Application Support/iolbox/images
sync labs: /Users/rohansharma/Library/Application Support/iolbox/labs
  profile: native-arm64
  role: NATIVE
  guest: Debian 13 trixie (native arm64)
  kernel pin: 6.12.101+deb13-cloud-arm64
  macOS: 26.6.2 (25G83)
  host_arch: arm64
  qualification: UNMEASURED — CANARY REQUIRED
  lima: 2.2.0 (/opt/homebrew/bin/limactl)
  machine: iolbox-native-arm64
  state: Running
  last canary:
    result=pass
    exit=0
    host_macos=26.6.2 (25G83)
    host_lima=2.2.0
    recorded_utc=2026-08-19T18:47:27Z
requested_profile=native-arm64
selected_profile=native-arm64
profile_source=explicit-flag
fallback_reason=
backend=lima-vz
translator=qemu-user
guest_arch=aarch64
supervisor_arch=arm64
execution=native-arm64
guest_kernel=6.12.101+deb13-cloud-arm64
canary_verdict=PASS (live record 2026-08-19T18:47:28Z)
service=PASS (active)
http=PASS (HTTP 200)
hello=supervisor=0.1.0 runtime=debian-slim-12 arch=arm64 features=[nvram capture natgw tools] egress=routed
capability_policy=PASS (drop-in and hello agree)
rosetta_binfmt=unavailable (cat: /proc/sys/fs/binfmt_misc/rosetta: No such file or directory)
rosetta_present=false
structural_attestation=last attested canary_verdict=PASS
effective_drop_in=[Service]\n# Structural macOS/Lima native-arm64 gate: every boot, restart, crash-restart, and manual start runs the executable canary first.\nEnvironment=IOLBOX_DISABLE_I386=1\nExecStartPre=/opt/iolbox-provision/30-canary-native.sh --quiet
  guest kernel: 6.12.101+deb13-cloud-arm64
  guest arch: aarch64
  Rosetta binfmt: unavailable (cat: /proc/sys/fs/binfmt_misc/rosetta: No such file or directory)
  supervisor service: active
  GET /: 200
