2026-08-19T18:38:38Z
== command: LIMA_HOME=~/.lima-iolbox-p4 IOLBOX_GUI_PORT=4002 ./iolbox-launcher start -profile rosetta-amd64 -tarball runtime/build/iolbox-server-m5-luna.tar.gz -no-browser ==
profile=debian13 role=DEFAULT guest=Debian 13 trixie qualification=UNMEASURED — CANARY REQUIRED
[iolbox]   images folder: /Users/rohansharma/Library/Application Support/iolbox/images  (drop .bin/.iol IOL images here)
[iolbox]   labs folder:   /Users/rohansharma/Library/Application Support/iolbox/labs  (saved labs persist here as <id>.yml)
[iolbox] Darwin folder sync: rescued 0 guest lab(s) into /Users/rohansharma/Library/Application Support/iolbox/labs
[iolbox]   lab seed-2-routers.yml: synced in (id=seed-2-routers)
[iolbox]   lab seed-3-switches.yml: synced in (id=seed-3-switches)
[iolbox]   lab seed-4-switches.yml: synced in (id=seed-4-switches)
[iolbox]   lab seed-campus.yml: synced in (id=seed-campus)
[iolbox]   lab seed-ccna-capstone.yml: synced in (id=seed-ccna-capstone)
[iolbox]   lab seed-ccnp-core.yml: synced in (id=seed-ccnp-core)
[iolbox]   lab seed-router-triangle.yml: synced in (id=seed-router-triangle)
[iolbox] Darwin folder sync: imported 7 host lab(s) from /Users/rohansharma/Library/Application Support/iolbox/labs
[iolbox] Darwin folder sync: imported 0 host image(s) from /Users/rohansharma/Library/Application Support/iolbox/images
== iolbox-launcher status -profile rosetta-amd64 ==
profile=debian13 role=DEFAULT guest=Debian 13 trixie qualification=UNMEASURED — CANARY REQUIRED
iolbox status
  GUI port: 127.0.0.1:4002
  console ports: 127.0.0.1:9000-9049
  capture ports: 127.0.0.1:5500-5529
  guest control port: not forwarded (127.0.0.1:4000 host check)
sync images: /Users/rohansharma/Library/Application Support/iolbox/images
sync labs: /Users/rohansharma/Library/Application Support/iolbox/labs
  profile: debian13
  role: DEFAULT
  guest: Debian 13 trixie
  kernel pin: 6.12.101+deb13-cloud-arm64
  macOS: 26.6.2 (25G83)
  host_arch: arm64
  qualification: UNMEASURED — CANARY REQUIRED
  lima: 2.2.0 (/opt/homebrew/bin/limactl)
  machine: iolbox-debian13
  state: Running
  last canary:
    result=pass
    exit=0
    host_macos=26.6.2 (25G83)
    host_lima=2.2.0
    recorded_utc=2026-08-19T18:40:11Z
requested_profile=rosetta-amd64
selected_profile=rosetta-amd64
profile_source=explicit-flag
fallback_reason=
backend=lima-vz
translator=rosetta
guest_arch=aarch64
supervisor_arch=x86_64
execution=rosetta-amd64
guest_kernel=6.12.101+deb13-cloud-arm64
canary_verdict=PASS (live record 2026-08-19T18:40:13Z)
service=PASS (active)
http=PASS (HTTP 200)
hello=supervisor=v0.5.2-22-g0f6f5d5-dirty runtime=debian-slim-12 arch=x86_64 features=[nvram capture natgw] egress=routed
capability_policy=PASS (drop-in and hello agree)
rosetta_binfmt=enabled\ninterpreter /mnt/lima-rosetta/rosetta\nflags: OCF\noffset 0\nmagic 7f454c4602010100000000000000000002003e00\nmask fffffffffffefe00fffffffffffffffffeffffff
rosetta_present=true
structural_attestation=last attested canary_verdict=PASS
effective_drop_in=[Service]\n# Structural macOS/Lima gate: every boot, restart, crash-restart, and manual start runs the executable canary first.\nEnvironment=IOLBOX_DISABLE_I386=1\nExecStartPre=/opt/iolbox-provision/30-canary.sh --quiet
  guest kernel: 6.12.101+deb13-cloud-arm64
  guest arch: aarch64
  Rosetta binfmt: enabled
interpreter /mnt/lima-rosetta/rosetta
flags: OCF
offset 0
magic 7f454c4602010100000000000000000002003e00
mask fffffffffffefe00fffffffffffffffffeffffff
  supervisor service: active
  GET /: 200
== curl GET / ==
GUI_HTTP=200
== limactl list (both VMs, isolation check) ==
NAME                   STATUS     SSH                VMTYPE    ARCH       CPUS    MEMORY    DISK     DIR
iolbox-debian13        Running    127.0.0.1:52048    vz        aarch64    4       4GiB      15GiB    ~/.lima-iolbox-p4/iolbox-debian13
iolbox-native-arm64    Running    127.0.0.1:52021    vz        aarch64    4       4GiB      15GiB    ~/.lima-iolbox-p4/iolbox-native-arm64
== default LIMA_HOME (protected VMs must be untouched) ==
NAME                   STATUS     SSH                VMTYPE    ARCH       CPUS    MEMORY    DISK     DIR
iolbox-debian13        Running    127.0.0.1:52048    vz        aarch64    4       4GiB      15GiB    ~/.lima-iolbox-p4/iolbox-debian13
iolbox-native-arm64    Running    127.0.0.1:52021    vz        aarch64    4       4GiB      15GiB    ~/.lima-iolbox-p4/iolbox-native-arm64
NAME             STATUS     SSH                VMTYPE    ARCH       CPUS    MEMORY    DISK     DIR
iolbox-m5-e2e    Stopped    127.0.0.1:61950    vz        aarch64    4       4GiB      15GiB    ~/.lima/iolbox-m5-e2e
NAME                           STATUS     SSH                VMTYPE    ARCH       CPUS    MEMORY    DISK     DIR
iolbox-m7-native-arm64-qemu    Stopped    127.0.0.1:51660    vz        aarch64    4       4GiB      20GiB    ~/.lima-iolbox-m7p3/iolbox-m7-native-arm64-qemu
