2026-08-19T18:41:48Z
== persisted choice file before this run: ==
IOLBOX_PROFILE_SELECTION=rosetta-amd64
== command: LIMA_HOME=~/.lima-iolbox-p4 IOLBOX_GUI_PORT=4002 ./iolbox-launcher status  (no -profile flag = bare auto, must honor the persisted rosetta-amd64 choice from scenario 3, machine already running so no VM create needed) ==
profile=debian13 role=DEFAULT guest=Debian 13 trixie qualification=UNMEASURED — CANARY REQUIRED
iolbox status
  GUI port: 127.0.0.1:4002
  console ports: 127.0.0.1:9000-9049
  capture ports: 127.0.0.1:5500-5529
  guest control port: not forwarded (127.0.0.1:4000 host check)
sync images: /Users/rohansharma/Library/Application Support/iolbox/images
sync labs: /Users/rohansharma/Library/Application Support/iolbox/labs
  profile: debian13
  role: DEFAULT
  guest: Debian 13 trixie
  kernel pin: 6.12.101+deb13-cloud-arm64
  macOS: 26.6.2 (25G83)
  host_arch: arm64
  qualification: UNMEASURED — CANARY REQUIRED
  lima: 2.2.0 (/opt/homebrew/bin/limactl)
  machine: iolbox-debian13
  state: Running
  last canary:
    result=pass
    exit=0
    host_macos=26.6.2 (25G83)
    host_lima=2.2.0
    recorded_utc=2026-08-19T18:40:11Z
requested_profile=rosetta-amd64
selected_profile=rosetta-amd64
profile_source=persisted
fallback_reason=
backend=lima-vz
translator=rosetta
guest_arch=aarch64
supervisor_arch=x86_64
execution=rosetta-amd64
guest_kernel=6.12.101+deb13-cloud-arm64
canary_verdict=PASS (live record 2026-08-19T18:40:42Z)
service=PASS (active)
http=PASS (HTTP 200)
hello=supervisor=v0.5.2-22-g0f6f5d5-dirty runtime=debian-slim-12 arch=x86_64 features=[nvram capture natgw] egress=routed
capability_policy=PASS (drop-in and hello agree)
rosetta_binfmt=enabled\ninterpreter /mnt/lima-rosetta/rosetta\nflags: OCF\noffset 0\nmagic 7f454c4602010100000000000000000002003e00\nmask fffffffffffefe00fffffffffffffffffeffffff
rosetta_present=true
structural_attestation=last attested canary_verdict=PASS
effective_drop_in=[Service]\n# Structural macOS/Lima gate: every boot, restart, crash-restart, and manual start runs the executable canary first.\nEnvironment=IOLBOX_DISABLE_I386=1\nExecStartPre=/opt/iolbox-provision/30-canary.sh --quiet
  guest kernel: 6.12.101+deb13-cloud-arm64
  guest arch: aarch64
  Rosetta binfmt: enabled
interpreter /mnt/lima-rosetta/rosetta
flags: OCF
offset 0
magic 7f454c4602010100000000000000000002003e00
mask fffffffffffefe00fffffffffffffffffeffffff
  supervisor service: active
  GET /: 200
EXIT=0
